# Recursos de Almacenamiento Virtual

## Tabla de contenido

- [Recursos de Almacenamiento Virtual](#recursos-de-almacenamiento-virtual)
  - [Tabla de contenido](#tabla-de-contenido)
  - [Introducción](#introducción)
  - [Desarrollo](#desarrollo)
    - [Fase 1. Preparación de la máquina virtual](#fase-1-preparación-de-la-máquina-virtual)
    - [Fase 2. Contenedores locales](#fase-2-contenedores-locales)
      - [Tarea 1. Creación de un nuevo volumen en el contenedor por defecto](#tarea-1-creación-de-un-nuevo-volumen-en-el-contenedor-por-defecto)
      - [Tarea 2. Creación de una nueva partición en el host anfitrión](#tarea-2-creación-de-una-nueva-partición-en-el-host-anfitrión)
      - [Tarea 3. Creación de un contenedor en una partición lógica](#tarea-3-creación-de-un-contenedor-en-una-partición-lógica)
    - [Fase 3. Contenedores en Red](#fase-3-contenedores-en-red)
      - [Tarea 4. Creación de un contenedor NFS de imágenes ISO](#tarea-4-creación-de-un-contenedor-nfs-de-imágenes-iso)
      - [Tarea 5. Creación de un contenedor NFS para volúmenes de máquinas virtuales](#tarea-5-creación-de-un-contenedor-nfs-para-volúmenes-de-máquinas-virtuales)
  - [Pruebas y Validación](#pruebas-y-validación)
    - [Verificación de volúmenes locales](#verificación-de-volúmenes-locales)
    - [Verificación de contenedores en red](#verificación-de-contenedores-en-red)
    - [Verificación de montajes automáticos](#verificación-de-montajes-automáticos)
  - [Solución de Problemas Comunes](#solución-de-problemas-comunes)
    - [Problemas con volúmenes locales](#problemas-con-volúmenes-locales)
    - [Problemas con NFS](#problemas-con-nfs)
    - [Problemas con sistemas de archivos](#problemas-con-sistemas-de-archivos)
  - [Conclusiones](#conclusiones)
  - [Bibliografía](#bibliografía)

## Introducción

El objetivo fundamental de esta práctica es poner a disposición de los sistemas invitados recursos de almacenamiento, tanto si provienen de recursos físicos de almacenamiento local integrados en el sistema anfitrión (discos duros, particiones de disco, etc.) como si provienen de equipos remotos dedicados a proporcionar servicios de almacenamiento.

Esta práctica permite familiarizarse con diferentes métodos para crear y gestionar almacenamiento en entornos virtualizados, incluyendo volúmenes virtuales, particiones físicas y almacenamiento en red mediante NFS.

## Desarrollo

### Fase 1. Preparación de la máquina virtual

Como paso previo a la realización de las tareas de esta práctica, es necesario crear una nueva máquina virtual llamada mvp3, que será el resultado de la clonación de la máquina virtual creada en la práctica 1 (mvp1). Esta clonación debe realizarse de manera que la interfaz de red de mvp3 posea una dirección MAC diferente a la que posee la interfaz de red de mvp1.

Para realizar la clonación se utiliza el comando `virt-clone`:

```bash
root@lq-d25:~# virt-clone --original mvp1 --name mvp3 --file /var/lib/libvirt/images/mvp3.qcow2 --mac=00:16:3e:37:a0:03
Allocating 'mvp3.qcow2'                                     | 1.8 GB  00:05 ...

El clon 'mvp3' ha sido creado exitosamente.
```

**Explicación del comando**:

- `virt-clone`: Herramienta que permite clonar máquinas virtuales existentes
- `--original mvp1`: Especifica la máquina virtual de origen
- `--name mvp3`: Define el nombre de la nueva máquina virtual
- `--file`: Especifica la ruta al archivo de imagen del nuevo disco
- `--mac`: Establece una dirección MAC diferente para la interfaz de red

Para verificar el estado de las particiones en el sistema anfitrión, se utiliza el comando `lsblk`:

```bash
root@lq-d25:~# lsblk
NAME    MAJ:MIN RM   SIZE RO TYPE MOUNTPOINTS
sda       8:0    0 953,9G  0 disk
├─sda1    8:1    0    50M  0 part
├─sda2    8:2    0 477,2G  0 part
├─sda3    8:3    0     4G  0 part
├─sda4    8:4    0     1K  0 part
├─sda5    8:5    0  97,7G  0 part
├─sda6    8:6    0  31,1G  0 part [SWAP]
├─sda7    8:7    0 146,5G  0 part /
├─sda8    8:8    0 146,5G  0 part
├─sda9    8:9    0     1G  0 part
└─sda10   8:10   0     2G  0 part
sdb       8:16   1     0B  0 disk
zram0   252:0    0     8G  0 disk [SWAP]
```

Este comando nos muestra la estructura actual del disco, lo que será útil para las tareas posteriores cuando necesitemos crear nuevas particiones.

### Fase 2. Contenedores locales

#### Tarea 1. Creación de un nuevo volumen en el contenedor por defecto

En esta tarea se crea un nuevo volumen virtual con las características especificadas (nombre Vol1_p3, tipo raw, tamaño 1GB) en el contenedor por defecto.

1. Creación del volumen:

```bash
root@lq-d25:~# virsh vol-create-as default Vol1_p3.img 1G --format raw
Se ha creado el volumen Vol1_p3
```

**Explicación del comando**:

- `virsh vol-create-as`: Crea un volumen en un pool de almacenamiento
- `default`: Especifica el pool de almacenamiento por defecto
- `Vol1_p3.img`: Nombre del volumen a crear
- `1G`: Tamaño del volumen (1 Gigabyte)
- `--format raw`: Especifica el formato raw (disco sin formato)

2. Verificación de los dispositivos actualmente asociados a la máquina virtual:

```bash
root@lq-d25:~# virsh domblklist mvp3 --details
 Tipo   Dispositivo   Destino   Fuente
--------------------------------------------------------------------
 file   disk          vda       /var/lib/libvirt/images/mvp3.qcow2
 file   cdrom         sda       -
```

3. Desmontamos el cdrom que ya no es necesario:

```bash
root@lq-d25:~# virsh detach-disk mvp3 sda --config
El disco ha sido desmontado exitosamente
```

4. Asociación del volumen a la máquina virtual como dispositivo SATA:

```bash
root@lq-d25:~# virsh attach-disk mvp3 /var/lib/libvirt/images/Vol1_p3.img sda --config --type disk --driver qemu --subdriver raw
El disco ha sido asociado exitosamente
```

**Explicación del comando**:

- `virsh attach-disk`: Asocia un disco a una máquina virtual
- `mvp3`: Nombre de la máquina virtual
- `/var/lib/libvirt/images/Vol1_p3.img`: Ruta al archivo de volumen
- `sda`: Nombre del dispositivo en la máquina virtual
- `--config`: Hace que la configuración sea persistente tras reiniciar
- `--type disk`: Especifica que se trata de un disco
- `--driver qemu`: Usar el controlador QEMU para acceder al disco
- `--subdriver raw`: Especifica el formato raw del disco

5. Verificación de la asociación del volumen:

```bash
root@lq-d25:~# virsh domblklist mvp3 --details
 Tipo   Dispositivo   Destino   Fuente
--------------------------------------------------------------------
 file   disk          vda       /var/lib/libvirt/images/mvp3.qcow2
 file   disk          sda       /var/lib/libvirt/images/Vol1_p3.img
```

6. Iniciar sesión en la máquina virtual mvp3:

```bash
root@lq-d25:~# ssh root@192.168.122.242
The authenticity of host '192.168.122.242 (192.168.122.242)' can't be established.
ED25519 key fingerprint is SHA256:gRFGvZlUIel5P1EJEdiEEgvXQ48k7iMy9Oz5SDPY2h4.
This host key is known by the following other names/addresses:
    ~/.ssh/known_hosts:1: 192.168.122.123
    ~/.ssh/known_hosts:4: mvp1.vpd.com
    ~/.ssh/known_hosts:8: 192.168.122.124
    ~/.ssh/known_hosts:9: 192.168.122.113
    ~/.ssh/known_hosts:10: 192.168.122.37
Are you sure you want to continue connecting (yes/no/[fingerprint])? yes
Warning: Permanently added '192.168.122.242' (ED25519) to the list of known hosts.
Web console: https://mvp1.vpd.com:9090/ or https://192.168.122.242:9090/

Last login: Fri Feb 28 20:06:07 2025
```

7. Verificar que el disco está disponible en la máquina virtual:

```bash
root@mvp1:~# lsblk
NAME            MAJ:MIN RM  SIZE RO TYPE MOUNTPOINTS
sda               8:0    0    1G  0 disk
sr0              11:0    1 1024M  0 rom
zram0           251:0    0  1,9G  0 disk [SWAP]
vda             252:0    0   10G  0 disk
├─vda1          252:1    0    1M  0 part
├─vda2          252:2    0    1G  0 part /boot
└─vda3          252:3    0    9G  0 part
  └─fedora-root 253:0    0    9G  0 lvm  /
```

8. Crear una partición de 512MB en el disco con fdisk:

```bash
root@mvp1:~# fdisk /dev/sda

Welcome to fdisk (util-linux 2.40.4).
Changes will remain in memory only, until you decide to write them.
Be careful before using the write command.

Device does not contain a recognized partition table.
Created a new DOS (MBR) disklabel with disk identifier 0xc4abc78f.

Command (m for help): n
Partition type
   p   primary (0 primary, 0 extended, 4 free)
   e   extended (container for logical partitions)
Select (default p): p
Partition number (1-4, default 1): 1
First sector (2048-2097151, default 2048):
Last sector, +/-sectors or +/-size{K,M,G,T,P} (2048-2097151, default 2097151): +512M

Created a new partition 1 of type 'Linux' and of size 512 MiB.

Command (m for help): w
The partition table has been altered.
Calling ioctl() to re-read partition table.
Syncing disks.
```

**Explicación del proceso de particionado**:

- `n`: Crea una nueva partición
- `p`: Selecciona partición primaria
- `1`: Asigna el número 1 a la partición
- Primera sector: valor por defecto (2048)
- Último sector: +512M para crear una partición de 512 MB
- `w`: Escribe los cambios en la tabla de particiones

9. Crear un sistema de archivos XFS en la nueva partición:

```bash
root@mvp1:~# mkfs.xfs -f /dev/sda1
meta-data=/dev/sda1              isize=512    agcount=4, agsize=32768 blks
         =                       sectsz=512   attr=2, projid32bit=1
         =                       crc=1        finobt=1, sparse=1, rmapbt=1
         =                       reflink=1    bigtime=1 inobtcount=1 nrext64=1
data     =                       bsize=4096   blocks=131072, imaxpct=25
         =                       sunit=0      swidth=0 blks
naming   =version 2              bsize=4096   ascii-ci=0, ftype=1
log      =internal log           bsize=4096   blocks=16384, version=2
         =                       sectsz=512   sunit=0 blks, lazy-count=1
realtime =none                   extsz=4096   blocks=0, rtextents=0
Discarding blocks...Done.
```

**Explicación del comando**:

- `mkfs.xfs`: Crea un sistema de archivos XFS
- `-f`: Fuerza la creación incluso si ya existe un sistema de archivos
- `/dev/sda1`: Partición donde se creará el sistema de archivos

10. Reiniciar la máquina virtual para verificar la persistencia del disco:

```bash
root@mvp1:~# reboot
root@mvp1:~# Connection to 192.168.122.242 closed by remote host.
Connection to 192.168.122.242 closed.
root@lq-d25:~# ssh root@192.168.122.242
Web console: https://mvp1.vpd.com:9090/ or https://192.168.122.242:9090/

Last login: Fri Feb 28 20:10:38 2025 from 192.168.122.1
```

11. Verificar que la partición sigue disponible después del reinicio:

```bash
root@mvp1:~# lsblk
NAME            MAJ:MIN RM  SIZE RO TYPE MOUNTPOINTS
sda               8:0    0    1G  0 disk
└─sda1            8:1    0  512M  0 part
sr0              11:0    1 1024M  0 rom
zram0           251:0    0  1,9G  0 disk [SWAP]
vda             252:0    0   10G  0 disk
├─vda1          252:1    0    1M  0 part
├─vda2          252:2    0    1G  0 part /boot
└─vda3          252:3    0    9G  0 part
  └─fedora-root 253:0    0    9G  0 lvm  /
```

12. Montar el sistema de archivos:

```bash
root@mvp1:~# mkdir -p /mnt/nuevo_disco
root@mvp1:~# mount /dev/sda1 /mnt/nuevo_disco
```

13. Verificar el montaje:

```bash
root@mvp1:~# df -h /mnt/nuevo_disco
S.ficheros     Tamaño Usados  Disp Uso% Montado en
/dev/sda1        504M    24K  478M   1% /mnt/nuevo_disco
```

14. Verificar detalles de la partición:

```bash
root@mvp1:~# fdisk -l /dev/sda
Disk /dev/sda: 1 GiB, 1073741824 bytes, 2097152 sectors
Disk model: QEMU HARDDISK
Units: sectors of 1 * 512 = 512 bytes
Sector size (logical/physical): 512 bytes / 512 bytes
I/O size (minimum/optimal): 512 bytes / 512 bytes
Disklabel type: dos
Disk identifier: 0xc4abc78f

Device     Boot Start     End Sectors  Size Id Type
/dev/sda1        2048 1050623 1048576  512M 83 Linux
```

15. Crear el archivo test.txt requerido:

```bash
root@mvp1:~# touch /mnt/nuevo_disco/test.txt
```

16. Verificar que se ha creado correctamente:

```bash
root@mvp1:~# ls -l /mnt/nuevo_disco
total 16
drwx------. 2 root root 16384 feb 28 20:15 lost+found
-rw-r--r--. 1 root root     0 feb 28 20:19 test.txt
```

17. Configurar el montaje automático en el arranque:

```bash
root@mvp1:~# echo "/dev/sda1 /mnt/nuevo_disco xfs defaults 0 0" >> /etc/fstab
```

18. Reiniciar para verificar el montaje automático:

```bash
root@mvp1:~# reboot
root@mvp1:~# Connection to 192.168.122.242 closed by remote host.
Connection to 192.168.122.242 closed.
root@lq-d25:~# ssh root@192.168.122.242
Web console: https://mvp1.vpd.com:9090/ or https://192.168.122.242:9090/

Last login: Fri Feb 28 20:24:06 2025 from 192.168.122.1
```

19. Verificar que el sistema de archivos se ha montado automáticamente:

```bash
root@mvp1:~# ls -l /mnt/nuevo_disco
total 0
-rw-r--r--. 1 root root 0 feb 28 20:28 test.txt
```

### Fase 2. Contenedores locales

#### Tarea 2. Creación de una nueva partición en el host anfitrión

En esta tarea se debe crear una partición lógica nueva de 1GB en el host anfitrión y asociarla a la máquina mvp3.

> **Nota**: Esta tarea requiere crear una partición en un disco que contiene particiones utilizadas por otros estudiantes. Si no se hace correctamente, puede dañar el sistema. No se debe realizar esta tarea hasta estar seguro de cómo se particionan unidades de disco.

A diferencia de la Tarea 1, donde trabajamos con un volumen virtual (archivo), en esta tarea vamos a trabajar con una partición física real del host anfitrión. Es fundamental identificar correctamente el disco y la partición extendida para no afectar a otros estudiantes.

1. Identificar las particiones existentes en el host anfitrión:

```bash
root@lq-d25:~# lsblk
NAME    MAJ:MIN RM   SIZE RO TYPE MOUNTPOINTS
sda       8:0    0 953,9G  0 disk
├─sda1    8:1    0    50M  0 part
├─sda2    8:2    0 477,2G  0 part
├─sda3    8:3    0     4G  0 part
├─sda4    8:4    0     1K  0 part
├─sda5    8:5    0  97,7G  0 part
├─sda6    8:6    0  31,1G  0 part [SWAP]
├─sda7    8:7    0 146,5G  0 part /
├─sda8    8:8    0 146,5G  0 part
├─sda9    8:9    0     1G  0 part
└─sda10   8:10   0     2G  0 part
sdb       8:16   1     0B  0 disk
zram0   252:0    0     8G  0 disk [SWAP]
```

La salida del comando `lsblk` muestra que nos encontramos en un sistema con un único disco principal (`/dev/sda`) que ya contiene varias particiones. Según los requisitos de la práctica, debemos trabajar con el laboratorio LQ-D y crear la nueva partición lógica en la partición extendida del disco `/dev/sda`.

2. Crear una partición lógica de 1GB utilizando fdisk:

```bash
root@lq-d25:~# fdisk /dev/sda

Welcome to fdisk (util-linux 2.39.4).
Changes will remain in memory only, until you decide to write them.
Be careful before using the write command.

This disk is currently in use - repartitioning is probably a bad idea.
It's recommended to umount all file systems, and swapoff all swap
partitions on this disk.


Command (m for help): p

Disk /dev/sda: 953,87 GiB, 1024209543168 bytes, 2000409264 sectors
Disk model: SSD-1TB
Units: sectors of 1 * 512 = 512 bytes
Sector size (logical/physical): 512 bytes / 512 bytes
I/O size (minimum/optimal): 512 bytes / 512 bytes
Disklabel type: dos
Disk identifier: 0xd5de6562

Device     Boot      Start        End    Sectors   Size Id Type
/dev/sda1  *          2048     104447     102400    50M  7 HPFS/NTFS/exFAT
/dev/sda2           104448 1000833023 1000728576 477,2G  7 HPFS/NTFS/exFAT
/dev/sda3       1000833024 1009221631    8388608     4G 83 Linux
/dev/sda4       1009221632 2000408575  991186944 472,6G  f W95 Ext'd (LBA)
/dev/sda5       1009225728 1214025727  204800000  97,7G 83 Linux
/dev/sda6       1214027776 1279252479   65224704  31,1G 82 Linux swap / Solaris
/dev/sda7       1279254528 1586454527  307200000 146,5G 83 Linux
/dev/sda8       1586456576 1893656575  307200000 146,5G 83 Linux
/dev/sda9       1893658624 1895755775    2097152     1G 83 Linux
/dev/sda10      1895757824 1899952127    4194304     2G 83 Linux

Command (m for help): n
All primary partitions are in use.
Adding logical partition 11
First sector (1899954176-2000408575, default 1899954176):
Last sector, +/-sectors or +/-size{K,M,G,T,P} (1899954176-2000408575, default 2000408575): +1G

Created a new partition 11 of type 'Linux' and of size 1 GiB.

Command (m for help): w
The partition table has been altered.
Syncing disks.
```

**Explicación del proceso de particionado**:

- `p`: Muestra la tabla de particiones actual para verificar el espacio y las particiones existentes
- `n`: Crea una nueva partición
- Ya que todas las particiones primarias están en uso, fdisk crea automáticamente una partición lógica dentro de la partición extendida
- Se aceptan los valores predeterminados para el sector inicial
- Se especifica `+1G` para el último sector, creando una partición de 1GB
- `w`: Escribe los cambios en la tabla de particiones y sale

3. Verificar la creación de la nueva partición:

```bash
root@lq-d25:~# lsblk
NAME    MAJ:MIN RM   SIZE RO TYPE MOUNTPOINTS
sda       8:0    0 953,9G  0 disk
├─sda1    8:1    0    50M  0 part
├─sda2    8:2    0 477,2G  0 part
├─sda3    8:3    0     4G  0 part
├─sda4    8:4    0     1K  0 part
├─sda5    8:5    0  97,7G  0 part
├─sda6    8:6    0  31,1G  0 part [SWAP]
├─sda7    8:7    0 146,5G  0 part /
├─sda8    8:8    0 146,5G  0 part
├─sda9    8:9    0     1G  0 part
├─sda10   8:10   0     2G  0 part
└─sda11   8:11   0     1G  0 part
sdb       8:16   1     0B  0 disk
zram0   252:0    0     8G  0 disk [SWAP]
```

La nueva partición `/dev/sda11` aparece en la lista con el tamaño correcto.

4. Asociar la partición creada a la máquina virtual mvp3 como disco sdb:

```bash
root@lq-d25:~# virsh attach-disk mvp3 /dev/sda11 sdb --config --type disk --driver qemu --subdriver raw
El disco ha sido asociado exitosamente
```

**Explicación del comando**:

- `virsh attach-disk`: Asocia un disco a una máquina virtual
- `mvp3`: Nombre de la máquina virtual
- `/dev/sda11`: Ruta al dispositivo de partición física
- `sdb`: Nombre del dispositivo en la máquina virtual
- `--config`: Hace que la configuración sea persistente tras reiniciar
- `--type disk`: Especifica que se trata de un disco
- `--driver qemu`: Usar el controlador QEMU para acceder al disco
- `--subdriver raw`: Especifica el formato raw del disco

5. Iniciar sesión en la máquina virtual mvp3 para verificar que el nuevo disco está disponible:

```bash
root@lq-d25:~# virsh domifaddr mvp3
 Nombre     dirección MAC       Protocol     Address
-------------------------------------------------------------------------------
 vnet0      00:16:3e:37:a0:03    ipv4         192.168.122.242/24

root@lq-d25:~# ssh root@192.168.122.242
Web console: https://mvp1.vpd.com:9090/ or https://192.168.122.242:9090/

Last login: Thu Mar  6 19:23:40 2025
root@mvp1:~#
```

6. Verificar que el nuevo disco está presente en la máquina virtual:

```bash
root@mvp1:~# lsblk
NAME            MAJ:MIN RM  SIZE RO TYPE MOUNTPOINTS
sda               8:0    0    1G  0 disk
└─sda1            8:1    0  512M  0 part
sdb               8:16   0    1G  0 disk
zram0           251:0    0  1,9G  0 disk [SWAP]
vda             252:0    0   10G  0 disk
├─vda1          252:1    0    1M  0 part
├─vda2          252:2    0    1G  0 part /boot
└─vda3          252:3    0    9G  0 part
  └─fedora-root 253:0    0    9G  0 lvm  /
```

Como se puede observar, el disco aparece como `/dev/sdb` en la máquina virtual, tal como se especificó en el comando `attach-disk`.

7. Crear un sistema de archivos XFS directamente en el disco (sin particionar):

```bash
root@mvp1:~# mkfs.xfs /dev/sdb
meta-data=/dev/sdb               isize=512    agcount=4, agsize=65536 blks
         =                       sectsz=512   attr=2, projid32bit=1
         =                       crc=1        finobt=1, sparse=1, rmapbt=1
         =                       reflink=1    bigtime=1 inobtcount=1 nrext64=1
data     =                       bsize=4096   blocks=262144, imaxpct=25
         =                       sunit=0      swidth=0 blks
naming   =version 2              bsize=4096   ascii-ci=0, ftype=1
log      =internal log           bsize=4096   blocks=16384, version=2
         =                       sectsz=512   sunit=0 blks, lazy-count=1
realtime =none                   extsz=4096   blocks=0, rtextents=0
Discarding blocks...Done.
```

**Explicación del comando**:

- `mkfs.xfs`: Crea un sistema de archivos XFS
- `/dev/sdb`: Dispositivo donde se creará el sistema de archivos (en el disco completo, sin particionar)

8. Montar el sistema de archivos y crear archivo de prueba:

```bash
root@mvp1:~# mkdir -p /mnt/disco_fisico
root@mvp1:~# mount /dev/sdb /mnt/disco_fisico
root@mvp1:~# touch /mnt/disco_fisico/test.txt
root@mvp1:~# ls -l /mnt/disco_fisico
total 0
-rw-r--r--. 1 root root 0 mar  6 19:51 test.txt
```

9. Configurar el montaje automático en el directorio /VDB:

```bash
root@mvp1:~# echo "/dev/sdb /mnt/disco_fisico xfs defaults 0 0" >> /etc/fstab
```

10. Verificaciones adicionales:

Verificar el montaje:

```bash
root@mvp1:~# df -h | grep sdb
/dev/sdb                  960M    51M  910M   6% /mnt/disco_fisico
```

Verificar que el disco no está particionado:

```bash
root@mvp1:~# fdisk -l /dev/sdb
Disk /dev/sdb: 1 GiB, 1073741824 bytes, 2097152 sectors
Disk model: QEMU HARDDISK
Units: sectors of 1 * 512 = 512 bytes
Sector size (logical/physical): 512 bytes / 512 bytes
I/O size (minimum/optimal): 512 bytes / 512 bytes
```

La salida de fdisk confirma que el disco no tiene una tabla de particiones, lo que es correcto según los requisitos de la tarea.

**Diferencia entre los discos sda y vda**:

- `/dev/sda`: Dispositivo emulado como disco SATA/SCSI
- `/dev/vda`: Dispositivo paravirtualizado (virtio) que ofrece mejor rendimiento al reducir la emulación de hardware

Esta diferencia en la nomenclatura refleja el tipo de controlador de disco utilizado por el hipervisor para presentar el almacenamiento a la máquina virtual.

#### Tarea 3. Creación de un contenedor en una partición lógica

El objetivo de esta tarea es crear un contenedor de almacenamiento donde poder crear volúmenes (discos virtuales) para los sistemas invitados.

Para ello, se debe crear una partición lógica nueva de 2GB utilizando fdisk, siguiendo las mismas consideraciones sobre el laboratorio mencionadas en la tarea anterior.

Una vez creada la partición, se debe:

1. Crear un sistema de archivos de tipo ext4 en la partición
2. Crear un contenedor con el nombre "Contenedor_Particion" mapeado al directorio /var/lib/libvirt/Pool_Particion
3. Crear un volumen nuevo en dicho contenedor con las siguientes características:
   - Nombre: Vol2_p3
   - Tipo: volumen virtual de disco tipo "qcow2"
   - Tamaño: 1 Gbyte

Este volumen debe añadirse a la máquina mvp3 como volumen de disco paravirtualizado, debiendo aparecer como disco vdb. Para verificar su correcto funcionamiento, se debe:

- Sin particionar el disco vdb, crear un sistema de archivos de tipo XFS
- En el sistema de archivos creado, crear un archivo de nombre test.txt
- Configurar el sistema para que el volumen se monte automáticamente en el arranque de la máquina mvp3 en el directorio /VDB

### Fase 3. Contenedores en Red

#### Tarea 4. Creación de un contenedor NFS de imágenes ISO

En esta tarea se debe crear un nuevo contenedor de tipo NFS que permita acceder a las imágenes ISO de las distintas distribuciones Fedora exportadas por el servidor disnas2.dis.ulpgc.es. Los datos para crear este contenedor son:

- Nombre del contenedor: CONT_ISOS_COMP
- Ruta del directorio local asociado al contenedor: /var/lib/libvirt/images/ISOS
- Servidor NFS: disnas2.dis.ulpgc.es
- Ruta del directorio exportado por el servidor NFS: /imagenes/fedora/41/isos/x86_64
- El contenedor NO DEBE ACTIVARSE AUTOMÁTICAMENTE con el arranque del sistema

#### Tarea 5. Creación de un contenedor NFS para volúmenes de máquinas virtuales

El objetivo de esta tarea es añadir un contenedor de tipo NFS al host anfitrión que funcione como contenedor de volúmenes de máquinas virtuales. Los datos para crear este contenedor son:

- Nombre del contenedor: CONT_VOL_COMP
- Ruta del directorio local asociado al contenedor: /var/lib/libvirt/images/COMPARTIDO
- Servidor NFS: disnas2.dis.ulpgc.es
- Ruta del directorio exportado por el servidor NFS: /disnas2-itsi
- El contenedor NO DEBE ACTIVARSE AUTOMÁTICAMENTE con el arranque del sistema

En este contenedor se debe crear un volumen con el nombre "pcHOST_LQX_ANFITRIONY_Vol3_p3" de tamaño 1GB, tipo "qcow2". Este volumen debe añadirse a la máquina mvp3 como volumen de disco paravirtualizado, debiendo aparecer como disco vdc. Para verificar su correcto funcionamiento, se debe:

- Sin particionar el disco vdc, crear un sistema de archivos de tipo XFS
- En el sistema de archivos creado, crear un archivo de nombre test.txt
- Configurar el sistema para que el volumen se monte automáticamente en el arranque de la máquina mvp3 en el directorio /VDC

> **Nota**: La nomenclatura propuesta para el nombre del volumen debe respetarse para evitar conflictos entre los nombres de los volúmenes de cada estudiante en el espacio de almacenamiento compartido. El patrón a seguir es pcHOST_LQX_ANFITRIONY_Vol3_p3 (ejemplo: pc1087_LQ1_ANFITRION1_Vol3_p3).

## Pruebas y Validación

### Verificación de volúmenes locales

### Verificación de contenedores en red

### Verificación de montajes automáticos

## Solución de Problemas Comunes

### Problemas con volúmenes locales

### Problemas con NFS

### Problemas con sistemas de archivos

## Conclusiones

## Bibliografía

1. Herrmann J, Zimmerman Y, Novich L, Parker D, Radvan S, Richardson T. Red Hat Enterprise Linux 7. Virtualization Deployment and Administration Guide. Installing, configuring, and managing virtual machines on a RHEL physical machine, Red Hat; 2019. Disponible en: https://docs.redhat.com/en/documentation/red_hat_enterprise_linux/7/html/virtualization_deployment_and_administration_guide/index [accedido el 26/02/2025]

2. Red Hat Documentation - Storage Management Guide: https://access.redhat.com/documentation/en-us/red_hat_enterprise_linux/7/html/storage_administration_guide/index

3. Documentación de Fedora sobre virtualización: [https://docs.fedoraproject.org/en-US/quick-docs/virtualization-getting-started/](https://docs.fedoraproject.org/en-US/quick-docs/virtualization-getting-started/)

4. Libvirt Storage Management: [https://libvirt.org/storage.html](https://libvirt.org/storage.html)
